{
  "user": {
    "id": 1,
    "uuid": "USR-0B27C1",
    "name": "Test Libryno",
    "username": null,
    "email": "libryno.test@ordob.com",
    "email_verified_at": "2026-09-04T18:45:36.000000Z",
    "google_id": null,
    "phone": null,
    "avatar": null,
    "role": "user",
    "current_organization_id": null,
    "created_at": "2026-09-04T18:45:36.000000Z",
    "updated_at": "2026-09-04T18:45:36.000000Z",
    "trial_ends_at": null,
    "asaas_customer_id": null,
    "document": null,
    "two_factor_confirmed_at": null,
    "organizations": []
  },
  "licenses": [
    {
      "id": 1,
      "uuid": "30d9e839-32be-499f-8323-6a615d09ed16",
      "license_key": "LIC-A9B131FA2AD1",
      "user_id": 1,
      "organization_id": 1,
      "product_id": 1,
      "plan_id": 2,
      "status": "active",
      "expires_at": "2027-09-04T18:51:11.000000Z",
      "activated_at": null,
      "created_at": "2026-09-04T18:51:11.000000Z",
      "updated_at": "2026-09-04T18:51:11.000000Z",
      "trial": false,
      "product": {
        "id": 1,
        "name": "Libryno",
        "slug": "libryno",
        "description": "Sistema de Gest\u00e3o de Bibliotecas",
        "tagline": null,
        "icon": "book-open",
        "color": "#8B5CF6",
        "domain": null,
        "is_active": true,
        "created_at": "2026-09-04T18:01:37.000000Z",
        "updated_at": "2026-09-04T18:01:37.000000Z"
      },
      "plan": {
        "id": 2,
        "product_id": 1,
        "name": "Professional",
        "slug": "pro",
        "description": null,
        "price": 79.9,
        "features": [
          "dashboard",
          "reports",
          "advanced_support",
          "api_access"
        ],
        "is_highlighted": false,
        "is_active": true,
        "created_at": "2026-09-04T18:12:55.000000Z",
        "updated_at": "2026-09-04T18:12:55.000000Z",
        "trial_days": 7,
        "billing_cycle": "monthly",
        "is_popular": false
      },
      "organization": {
        "id": 1,
        "uuid": "ORG-F7CF8A",
        "name": "Test Organization",
        "document": null,
        "owner_id": 1,
        "created_at": "2026-09-04T18:51:11.000000Z",
        "updated_at": "2026-09-04T18:51:11.000000Z"
      }
    }
  ]
}